
> eatlypos@0.1.0 build
> next build

   Ôû▓ Next.js 15.5.4
   - Environments: .env.local

   Creating an optimized production build ...
 Ô£ô Compiled successfully in 7.0s
   Linting and checking validity of types ...

./src/components/inventory/StockRequestTable.tsx
88:6  Warning: React Hook useMemo has a missing dependency: 'getBranchName'. Either include it or remove the dependency array.  react-hooks/exhaustive-deps

./src/components/inventory/StockTransferInTable.tsx
78:6  Warning: React Hook useMemo has a missing dependency: 'branches'. Either include it or remove the dependency array.  react-hooks/exhaustive-deps

info  - Need to disable some ESLint rules? Learn more here: https://nextjs.org/docs/app/api-reference/config/eslint#disabling-rules
node.exe : Failed to compile.
At line:1 char:1
+ & "C:\Program Files\nodejs/node.exe" "C:\Program Files\nodejs/node_mo ...
+ ~~~~~~~~~~~~~~~~~~~~~~~~~~~~~~~~~~~~~~~~~~~~~~~~~~~~~~~~~~~~~~~~~~~~~
    + CategoryInfo          : NotSpecified: (Failed to compile.:String) [], RemoteException
    + FullyQualifiedErrorId : NativeCommandError
 

./src/components/inventory/StockTransferLogsTable.tsx:19:17
Type error: Cannot find name 'StockTransferLog'.

[0m [90m 17 |[39m
 [90m 18 |[39m [36minterface[39m [33mStockTransferLogsTableProps[39m {
[31m[1m>[22m[39m[90m 19 |[39m   transferLogs[33m:[39m [33mStockTransferLog[39m[][33m;[39m
 [90m    |[39m                 [31m[1m^[22m[39m
 [90m 20 |[39m   onViewDetails[33m:[39m (transferLog[33m:[39m [33mStockTransferLog[39m) [33m=>[39m 
[36mvoid[39m[33m;[39m
 [90m 21 |[39m }
 [90m 22 |[39m[0m
Next.js build worker exited with code: 1 and signal: null
