
> eatlypos@0.1.0 build
> next build

   Ôû▓ Next.js 15.5.4
   - Environments: .env.local

   Creating an optimized production build ...
node.exe : Failed to compile.
At line:1 char:1
+ & "C:\Program Files\nodejs/node.exe" "C:\Program Files\nodejs/node_mo ...
+ ~~~~~~~~~~~~~~~~~~~~~~~~~~~~~~~~~~~~~~~~~~~~~~~~~~~~~~~~~~~~~~~~~~~~~
    + CategoryInfo          : NotSpecified: (Failed to compile.:String) [], RemoteException
    + FullyQualifiedErrorId : NativeCommandError
 

./src/app/(default)/inventory/ingredient-items/page.tsx
Module not found: Can't resolve '@/data/CommonData'

https://nextjs.org/docs/messages/module-not-found

./src/app/(default)/inventory/inventory-reports/page.tsx
Module not found: Can't resolve '@/data/CommonData'

https://nextjs.org/docs/messages/module-not-found

./src/app/(default)/inventory/stock-request/page.tsx
Module not found: Can't resolve '@/data/CommonData'

https://nextjs.org/docs/messages/module-not-found

./src/app/(default)/inventory/stock-transfer-in/page.tsx
Module not found: Can't resolve '@/data/CommonData'

https://nextjs.org/docs/messages/module-not-found

./src/app/(default)/inventory/stock-transfer-logs/[id]/page.tsx
Module not found: Can't resolve '@/data/CommonData'

https://nextjs.org/docs/messages/module-not-found


> Build failed because of webpack errors
